pruThread.cpp:10:1:pruThread::pruThread(TIM_TypeDef*, IRQn_Type, uint32_t)	8	static
pruThread.cpp:18:6:void pruThread::startThread()	24	static
pruThread.cpp:23:6:void pruThread::stopThread()	0	static
pruThread.cpp:42:6:void pruThread::run()	8	static
vector.tcc:426:7:) [with _Args = {Module* const&}; _Tp = Module*; _Alloc = std::allocator<Module*>]	40	static
stl_vector.h:1184:7:void std::vector<_Tp, _Alloc>::push_back(const value_type&) [with _Tp = Module*; _Alloc = std::allocator<Module*>]	8	static
pruThread.cpp:29:6:void pruThread::registerModule(Module*)	16	static
pruThread.cpp:35:6:void pruThread::registerModulePost(Module*)	16	static
