main.cpp:853:6:void udp_data_callback(void*, udp_pcb*, pbuf*, const ip_addr_t*, u16_t)	32	static
main.cpp:904:6:void udp_mpg_callback(void*, udp_pcb*, pbuf*, const ip_addr_t*, u16_t)	16	static
basic_string.h:525:7:std::__cxx11::basic_string<_CharT, _Traits, _Alloc>::basic_string(const _CharT*, const _Alloc&) [with _CharT = char; _Traits = std::char_traits<char>; _Alloc = std::allocator<char>]	24	static
irqHandlers.h:5:7:void TIM1_UP_TIM10_IRQHandler()	0	static
irqHandlers.h:15:7:void TIM2_IRQHandler()	0	static
irqHandlers.h:26:7:void DMA2_Stream2_IRQHandler()	0	static
createThreads.h:4:6:void createThreads()	16	static
main.cpp:107:6:int __io_putchar(int)	16	static
main.cpp:187:9:uint8_t checkJson()	8	static,ignoring_inline_asm
main.cpp:233:6:void moveJson()	24	static
main.cpp:258:6:void loadModules()	112	static
main.cpp:496:6:void debugThreadHigh()	32	static
main.cpp:505:6:void debugThreadLow()	32	static
main.cpp:703:6:void SystemClock_Config()	80	static,ignoring_inline_asm
main.cpp:782:6:void Error_Handler()	0	static,ignoring_inline_asm
main.cpp:811:6:void udpServer_init()	16	static
main.cpp:520:5:int main()	24	static,ignoring_inline_asm
main.cpp:917:1:cpp)	8	static
main.cpp:917:1:cpp)	8	static
