core_cm3.h:1639:22:void __NVIC_SetPriority(IRQn_Type, uint32_t)	16	static
gthr-default.h:229:1:int __gthread_key_delete(__gthread_key_t)	16	static
irqHandlers.h:5:7:void TIM1_UP_TIM10_IRQHandler()	8	static
irqHandlers.h:15:7:void TIM2_IRQHandler()	8	static
createThreads.h:4:6:void createThreads()	16	static
main.cpp:91:6:int __io_putchar(int)	16	static
main.cpp:143:6:void loadModules()	232	static
main.cpp:235:5:int main()	16	static
main.cpp:468:6:void SystemClock_Config()	80	static
main.cpp:508:13:void MX_USART1_UART_Init()	8	static
main.cpp:541:13:void MX_USART2_UART_Init()	8	static
main.cpp:577:6:void Error_Handler()	4	static,ignoring_inline_asm
main.cpp:605:6:void udpServer_init()	24	static
main.cpp:632:6:void udp_receive_callback(void*, udp_pcb*, pbuf*, const ip_addr_t*, u16_t)	40	static
